<html>
<body>
<pre>
<h1>킮ision Build Log</h1>
<h2>Tool Versions:</h2>
IDE-Version: μVision V5.25.2.0
Copyright (C) 2018 ARM Ltd and ARM Germany GmbH. All rights reserved.
License Information: Kim Young-Won, Ajou Univ., LIC=----
 
Tool Versions:
Toolchain:       MDK-Lite  Version: 5.25.2.0
Toolchain Path:  C:\Keil_v5\ARM\ARMCC\Bin
C Compiler:      Armcc.exe V5.06 update 6 (build 750)
Assembler:       Armasm.exe V5.06 update 6 (build 750)
Linker/Locator:  ArmLink.exe V5.06 update 6 (build 750)
Library Manager: ArmAr.exe V5.06 update 6 (build 750)
Hex Converter:   FromElf.exe V5.06 update 6 (build 750)
CPU DLL:         SARMCM3.DLL V5.25.2.0
Dialog DLL:      DARMP1.DLL V1.27.0.0
Target DLL:      UL2CM3.DLL V1.160.12.0
Dialog DLL:      TARMP1.DLL V1.26.0.0
 
<h2>Project:</h2>
D:\OneDrive - AJOU\OneDrive - 아주대학교\3학년 2학기\IT집중교육\실습\Cortex-M3\source_code\Example\집교 합본 - 복사본\MDK-ARM\A_Project_1.uvproj
Project File Date:  09/13/2020

<h2>Output:</h2>
*** Using Compiler 'V5.06 update 6 (build 750)', folder: 'C:\Keil_v5\ARM\ARMCC\Bin'
Rebuild target 'ARM_CortexM3_NXP'
assembling startup_LPC17xx.s...
compiling system_LPC17xx.c...
compiling lpc17xx_gpio.c...
compiling lpc17xx_pinsel.c...
compiling LPC1768_utility.c...
..\..\Huins_NXP_LPC1768_Library\Drivers\source\LPC1768_utility.c(75): warning:  #61-D: integer operation result is out of range
  			GPIO_SetDir(GPIO_PORT_1, (1<<28) | (1<<29) | (1<<31), OUTPUT); 
..\..\Huins_NXP_LPC1768_Library\Drivers\source\LPC1768_utility.c(126): warning:  #61-D: integer operation result is out of range
  			GPIO_SetValue(GPIO_PORT_1, (1<<28) | (1<<29) | (1<<31));
..\..\Huins_NXP_LPC1768_Library\Drivers\source\LPC1768_utility.c: 2 warnings, 0 errors
compiling lpc17xx_timer.c...
compiling lpc17xx_libcfg_default.c...
compiling lpc17xx_clkpwr.c...
compiling lpc17xx_exti.c...
compiling lpc17xx_adc.c...
compiling A_Project_1.c...
..\Src\A_Project_1.c(432): warning:  #61-D: integer operation result is out of range
  			LPC_GPIO1->FIODIR |= (1<<31);
..\Src\A_Project_1.c(432): warning:  #68-D: integer conversion resulted in a change of sign
  			LPC_GPIO1->FIODIR |= (1<<31);
..\Src\A_Project_1.c(433): warning:  #61-D: integer operation result is out of range
  			LPC_GPIO1->FIOCLR = (1<<31);
..\Src\A_Project_1.c(433): warning:  #68-D: integer conversion resulted in a change of sign
  			LPC_GPIO1->FIOCLR = (1<<31);
..\Src\A_Project_1.c(462): warning:  #61-D: integer operation result is out of range
  			LPC_GPIO1->FIODIR |= (1<<28)|(1<<29)|(1<<31);
..\Src\A_Project_1.c(482): warning:  #61-D: integer operation result is out of range
  			LPC_GPIO1->FIOSET = (1<<31);
..\Src\A_Project_1.c(482): warning:  #68-D: integer conversion resulted in a change of sign
  			LPC_GPIO1->FIOSET = (1<<31);
..\Src\A_Project_1.c(506): warning:  #61-D: integer operation result is out of range
  			LPC_GPIO1->FIODIR |= (1<<28)|(1<<29)|(1<<31);
..\Src\A_Project_1.c(525): warning:  #61-D: integer operation result is out of range
  			LPC_GPIO1->FIOCLR = (1<<31);
..\Src\A_Project_1.c(525): warning:  #68-D: integer conversion resulted in a change of sign
  			LPC_GPIO1->FIOCLR = (1<<31);
..\Src\A_Project_1.c(548): warning:  #61-D: integer operation result is out of range
           LPC_GPIO1->FIOCLR = (1<<28)|(1<<29)|(1<<31);
..\Src\A_Project_1.c: 11 warnings, 0 errors
linking...
Program Size: Code=11244 RO-data=236 RW-data=48 ZI-data=624  
FromELF: creating hex file...
".\Obj\FND.axf" - 0 Error(s), 13 Warning(s).
Build Time Elapsed:  00:00:02
</pre>
</body>
</html>
